C:\Users\mairi>pdw
"pdw" no se reconoce como un comando interno o externo,
programa o archivo por lotes ejecutable.

C:\Users\mairi>sd
"sd" no se reconoce como un comando interno o externo,
programa o archivo por lotes ejecutable.

C:\Users\mairi>cd desktop

C:\Users\mairi\Desktop>cd L0

C:\Users\mairi\Desktop\L0>git add *

C:\Users\mairi\Desktop\L0>git commit -m "nuevo"
On branch master
Your branch is based on 'origin/master', but the upstream is gone.
  (use "git branch --unset-upstream" to fixup)

nothing to commit, working tree clean

C:\Users\mairi\Desktop\L0>git push
Enumerating objects: 3, done.
Counting objects: 100% (3/3), done.
Writing objects: 100% (3/3), 196 bytes | 28.00 KiB/s, done.
Total 3 (delta 0), reused 0 (delta 0)
To https://github.com/mairiondo/L0.git
 * [new branch]      master -> master

C:\Users\mairi\Desktop\L0>git pull
remote: Enumerating objects: 5, done.
remote: Counting objects: 100% (5/5), done.
remote: Total 3 (delta 0), reused 0 (delta 0), pack-reused 0
Unpacking objects: 100% (3/3), done.
From https://github.com/mairiondo/L0
   27e9597..a5a5cec  master     -> origin/master
Updating 27e9597..a5a5cec
Fast-forward
 txt.txt | 1 +
 1 file changed, 1 insertion(+)

C:\Users\mairi\Desktop\L0>
